   This copy of MOLCAS is licensed to  Branzanic Adrian
                                                                      
                               ***                                    
                               ***                                    
                   ***        *****                                   
                  *****       ** **                                   
                  ** **      **   **                                  
                  **  **     **   **                                  
                 **   *  ****  *  **                                  
                 **  *   ***   ** **                                  
                 *  ***   **  ***  **                                 
              ***   ***   *   ***    **                               
          *******  *****     *****   ******                           
       *********   ***************   *********                        
      **********   **           **   ***    ***                       
      **********       *******        *     ***                       
      **********    *************     *  *  ***                       
      **********   ***************    *  *  ***                       
      *********   *****************   *  *  ***    ****    **    **** 
      *********   *****************   *  *  ***   **  **  ****  **   *
      *********   *****************      *  ***   *      **  ** **    
      ********     ***************       *  ***   *      **  **  **** 
      ******        *************        *  ***   *      ******     **
      ***     ***      *******     *     *   **   **  ** **  ** *   **
            *********            ****   ***        ****  *    *  **** 
       ***************************************                        
          *********************************                           
              *************************                               
                 *******************        version 8.6               
                     ***********                                      
                         ***                                          
                                                                      
                     Copyright, all rights, reserved:                 
                   Permission is hereby granted to use                
          but not to reproduce or distribute any part of this         
       program. The use is restricted to research purposes only.      
                      Lund University, Sweden, 2023.                  
   This version of Molcas is based on a patched fork of OpenMolcas.   
                                                                      
            For the author list and the recommended citation,         
             consult http://www.molcas.org/citations.html             


   -------------------------------------------------------------------
  |                                                                   
  |   Project         = o2_anion_svp
  |   Submitted from  = /home/adrian/projects/eRoutes/molecules/_B3PW91/Benchmark/CASSCF/O2
  |   Scratch area    = /tmp/mol_an_228359
  |   Save outputs to = /home/adrian/projects/eRoutes/molecules/_B3PW91/Benchmark/CASSCF/O2
  |   Molcas          = /home/adrian/programs/molcas
  |   Parallel        = No
  |                                                                   
  |   Scratch area is empty
  |                                                                   
  |       MOLCAS_ROOT = /home/adrian/programs/molcas
  |        MOLCAS_USE = /home/adrian/programs/molcas
  |                                                                   
   -------------------------------------------------------------------
--- Start Module: auto at Thu Aug  6 17:58:46 2026 

++ ---------   Input file   ---------

  &GATEWAY
    coord
    o2.xyz
    basis
    def2-SVP
    group
    c1
  &SEWARD
  &RASSCF
    Title
    SVP anion
    Spin
      2
    Charge
      -1
    nActEl
      13 0 0
    Inactive
      2
    Ras2
      8
    CIRoot
      1 1 1
  &CASPT2
    Multistate
      1 1
    Imaginary
      0.1

-- ----------------------------------

--- Start Module: gateway at Thu Aug  6 17:58:46 2026 

()()()()()()()()()()()()()()()()()()()()()()()()()()()()()()()()()()()()()()()()()()()()()()()()()()

                                              &GATEWAY

                       only a single process is used, running in SERIAL mode
                       available to each process: 4.0 GB of memory, 1 thread?
                                            pid: 228407
()()()()()()()()()()()()()()()()()()()()()()()()()()()()()()()()()()()()()()()()()()()()()()()()()()


++    Symmetry information:
      ---------------------

                    Character Table for C1 

                             E  
                    a        1  x, y, xy, Rz, z, xz, Ry, yz, Rx, I
--


++    Basis set information:
      ----------------------


      Basis set label: O.DEF2-SVP.........

      Electronic valence basis set:
      ------------------
      Associated Effective Charge   8.000000 au
      Associated Actual Charge      8.000000 au
      Nuclear Model: Point charge

      Shell  nPrim  nBasis  Cartesian Spherical Contaminant
         s       7       3        X                  
         p       4       2        X                  
         d       1       1                 X         
--


++    Molecular structure info:
      -------------------------

                    ************************************************ 
                    **** Cartesian Coordinates / Bohr, Angstrom **** 
                    ************************************************ 

     Center  Label                x              y              z                     x              y              z
        1      O1               0.000000       0.000000      -1.140941              0.000000       0.000000      -0.603760
        2      O2               0.000000       0.000000       1.140941              0.000000       0.000000       0.603760
--


            Nuclear Potential Energy             28.04702324 au

--- Stop Module:  gateway at Thu Aug  6 17:58:47 2026 /rc=0 ---
*** files:   xmldump
    saved to directory /home/adrian/projects/eRoutes/molecules/_B3PW91/Benchmark/CASSCF/O2

--- Start Module: seward at Thu Aug  6 17:58:47 2026 

()()()()()()()()()()()()()()()()()()()()()()()()()()()()()()()()()()()()()()()()()()()()()()()()()()

                                              &SEWARD

                       only a single process is used, running in SERIAL mode
                       available to each process: 4.0 GB of memory, 1 thread?
                                            pid: 228420
()()()()()()()()()()()()()()()()()()()()()()()()()()()()()()()()()()()()()()()()()()()()()()()()()()

               SEWARD will generate:
                  Multipole Moment integrals up to order  2
                  Kinetic Energy integrals
                  Nuclear Attraction integrals (point charge)
                  One-Electron Hamiltonian integrals
                  Velocity integrals
                  Orbital angular momentum around ( 0.0000  0.0000  0.0000 )
                  Velocity quadrupole around ( 0.0000  0.0000  0.0000 )
                  Two-Electron Repulsion integrals

                   Integrals are discarded if absolute value <: 0.10E-13
                   Integral cutoff threshold is set to       <: 0.10E-15

            Nuclear Potential Energy             28.04702324 au


      Basis set specifications :
      Symmetry species         a  
      Basis functions           28


  Input file to MOLDEN was generated!

Note: The following floating-point exceptions are signalling: IEEE_INVALID_FLAG IEEE_DIVIDE_BY_ZERO IEEE_UNDERFLOW_FLAG IEEE_DENORMAL
--- Stop Module:  seward at Thu Aug  6 17:58:49 2026 /rc=0 ---
*** files:   o2_anion_svp.guessorb.molden o2_anion_svp.guessorb.h5 o2_anion_svp.GssOrb xmldump
    saved to directory /home/adrian/projects/eRoutes/molecules/_B3PW91/Benchmark/CASSCF/O2

*** Making symbolic link for INPORB -> /tmp/mol_an_228359/o2_anion_svp.GssOrb
*** 
--- Start Module: rasscf at Thu Aug  6 17:58:49 2026 

()()()()()()()()()()()()()()()()()()()()()()()()()()()()()()()()()()()()()()()()()()()()()()()()()()

                                              &RASSCF

                       only a single process is used, running in SERIAL mode
                       available to each process: 4.0 GB of memory, 1 thread?
                                            pid: 228441
()()()()()()()()()()()()()()()()()()()()()()()()()()()()()()()()()()()()()()()()()()()()()()()()()()

 ###############################################################################
 ###############################################################################
 ###                                                                         ###
 ###                                                                         ###
 ###    WARNING: CHARGE and NACTEL are only compatible if INACTIVE           ###
 ###    is not given and the symmetry group is C1. Hence the                 ###
 ###    CHARGE command will be ignored.                                      ###
 ###                                                                         ###
 ###                                                                         ###
 ###############################################################################
 ###############################################################################

      Header of the ONEINT file:
      --------------------------
      
      Integrals generated by seward 4.2.0  , Thu Aug  6 17:58:48 2026


      OrdInt status: non-squared


      Cartesian coordinates in Angstrom:
      -----------------------------------------------------
      No.  Label        X            Y            Z        
      -----------------------------------------------------
       1   O1         0.00000000   0.00000000  -0.60376000
       2   O2         0.00000000   0.00000000   0.60376000
      -----------------------------------------------------
      Nuclear repulsion energy =   28.04702324

++    Wave function specifications:
      -----------------------------

      Number of closed shell electrons           4
      Number of electrons in active shells      13
      Max number of holes in RAS1 space          0
      Max nr of electrons in RAS3 space          0
      Number of inactive orbitals                2
      Number of active orbitals                  8
      Number of secondary orbitals              18
      Spin quantum number                      0.5
      State symmetry                             1
--

++    Orbital specifications:
      -----------------------

      Symmetry species                           1
                                                 a
      Frozen orbitals                            0
      Inactive orbitals                          2
      Active orbitals                            8
      RAS1 orbitals                              0
      RAS2 orbitals                              8
      RAS3 orbitals                              0
      Secondary orbitals                        18
      Deleted orbitals                           0
      Number of basis functions                 28
--

++    CI expansion specifications:
      ----------------------------

      Number of CSFs                           168
      Number of determinants                   224
      Number of root(s) required                 1
      Root chosen for geometry opt.              1
      CI root used                               1
         
      highest root included in the CI            1
      max. size of the explicit Hamiltonian    168
--

++    Optimization specifications:
      ----------------------------

      RASSCF algorithm: Conventional
      Maximum number of macro iterations       200
      Maximum number of SX iterations          100
      Threshold for RASSCF energy            0.100E-07
      Threshold for max MO rotation          0.100E+00
      Threshold for max BLB element          0.100E-03
      Level shift parameter                  0.500E+00
      Make Quasi-Newton update
--

      Orbitals from runfile: guessorb orbitals
      The MO-coefficients are taken from guessorb on runfile

      Total molecular charge   -1.00

      ************************************************************************************************************************
      *                                                                                                                      *
      *                                            Wave function control section                                             *
      *                                                                                                                      *
      ************************************************************************************************************************


                                         RASSCF iterations: Energy and convergence statistics
                                         ----------------------------------------------------

      Iter CI   SX   CI       RASSCF       Energy    max ROT     max BLB   max BLB  Level Ln srch  Step   QN   Walltime
          iter iter root      energy       change     param      element    value   shift minimum  type update hh:mm:ss
 Nr of preliminary CI iterations:   1
        1   1   62    1  -149.33885228    0.00E+00   0.12E+00*   7  17 1  0.34E+00*  0.00   0.00    SX    NO    0:00:00
        2   1   19    1  -149.47419375   -0.14E+00*  0.24E-01    7  12 1  0.64E-01*  0.00   0.00    SX    NO    0:00:00
        3   1   17    1  -149.47980917   -0.56E-02* -0.14E-01    9  14 1 -0.17E-01*  0.00   0.00    SX    NO    0:00:00
        4   1   16    1  -149.48020214   -0.39E-03* -0.56E-02    7  12 1  0.73E-02*  0.00   0.00    SX    NO    0:00:00
        5   1   15    1  -149.48024058   -0.38E-04*  0.33E-02    9  14 1 -0.20E-02*  0.00   1.12    QN   YES    0:00:00
        6   1   10    1  -149.48024588   -0.53E-05*  0.18E-03    7  27 1  0.19E-03*  0.00   0.96    QN   YES    0:00:00
        7   1    9    1  -149.48024595   -0.70E-07*  0.76E-04    7  27 1  0.40E-04   0.00   1.24    QN   YES    0:00:00
        8   1    4    1  -149.48024595   -0.38E-08  -0.76E-05    7  12 1 -0.24E-05   0.00   1.02    QN   YES    0:00:00
      Convergence after  8 iterations
        9   1    4    1  -149.48024595   -0.17E-10  -0.76E-05    7  17 1  0.61E-06   0.00   1.02    QN   YES    0:00:00

      ************************************************************************************************************************
                                                      Wave function printout:
                       occupation of active orbitals, and spin coupling of open shells (u,d: Spin up or down)
      ************************************************************************************************************************

      Note: transformation to natural orbitals
      has been made, which may change the order of the CSFs.

      printout of CI-coefficients larger than  0.05 for root  1
      energy=    -149.480246
      conf/sym  11111111     Coeff  Weight
             2  22222u20   0.98595 0.97209
            20  22220u22   0.08717 0.00760
            24  222ud22u   0.08225 0.00677
            27  222uu22d   0.10483 0.01099

      Natural orbitals and occupation numbers for root  1
      sym 1:   1.999251   1.998514   1.999705   1.981322   1.966858   1.018145   1.999054   0.037150

      ************************************************************************************************************************
      *                                                                                                                      *
      *                                                    Final results                                                     *
      *                                                                                                                      *
      ************************************************************************************************************************


++    Wave function specifications:
      -----------------------------

      Number of closed shell electrons           4
      Number of electrons in active shells      13
      Max number of holes in RAS1 space          0
      Max nr of electrons in RAS3 space          0
      Number of inactive orbitals                2
      Number of active orbitals                  8
      Number of secondary orbitals              18
      Spin quantum number                      0.5
      State symmetry                             1
--

++    Orbital specifications:
      -----------------------

      Symmetry species                           1
                                                 a
      Frozen orbitals                            0
      Inactive orbitals                          2
      Active orbitals                            8
      RAS1 orbitals                              0
      RAS2 orbitals                              8
      RAS3 orbitals                              0
      Secondary orbitals                        18
      Deleted orbitals                           0
      Number of basis functions                 28
--

++    CI expansion specifications:
      ----------------------------

      Number of CSFs                           168
      Number of determinants                   224
      Number of root(s) required                 1
      CI root used                               1
      highest root included in the CI            1
      Root passed to geometry opt.               1
--

++    Final optimization conditions:
      ------------------------------

      Average CI energy                            -149.48024595
      RASSCF energy for state  1                   -149.48024595
      Super-CI energy                                -0.00000000
      RASSCF energy change                           -0.00000000
      Max change in MO coefficients              -0.177E-04
      Max non-diagonal density matrix element    -0.757E-05
      Maximum BLB matrix element                  0.606E-06
      (orbital pair   7,  17 in symmetry   1)
      Norm of electronic gradient            0.144E-05
--


      Final state energy(ies):
      ------------------------

::    RASSCF root number  1 Total energy:   -149.48024595

++    Molecular orbitals:
      -------------------

      Pseudonatural active orbitals and approximate occupation numbers




      Molecular orbitals for symmetry species 1: a  


      Orbital                 1         2         3         4         5         6         7         8         9        10
      Energy           -20.1883  -20.1627    0.0000    0.0000    0.0000    0.0000    0.0000    0.0000    0.0000    0.0000
      Occ. No.           2.0000    2.0000    1.9993    1.9985    1.9997    1.9813    1.9669    1.0181    1.9991    0.0372

     1 O1     1s        -0.7067    0.7099    0.1745   -0.1879    0.0000   -0.0000   -0.0348    0.0000   -0.0000    0.1243
     2 O1     2s         0.0097   -0.0021    0.4049   -0.4237    0.0000   -0.0000   -0.0885    0.0000   -0.0000    0.3396
     3 O1     *s        -0.0265    0.0212    0.3053   -0.4209    0.0000   -0.0000    0.1502   -0.0000   -0.0000    0.3907
     4 O1     2px        0.0000    0.0000   -0.0000    0.0000    0.4299    0.0398    0.0000   -0.0476   -0.4852   -0.0000
     5 O1     *px        0.0000    0.0000   -0.0000    0.0000    0.2963    0.0293    0.0000   -0.0427   -0.4668    0.0000
     6 O1     2py       -0.0000   -0.0000    0.0000   -0.0000   -0.0411    0.4167    0.0000   -0.4980    0.0464   -0.0000
     7 O1     *py       -0.0000   -0.0000    0.0000   -0.0000   -0.0283    0.3070   -0.0000   -0.4471    0.0446    0.0000
     8 O1     2pz        0.0062   -0.0042   -0.0499    0.1312    0.0000    0.0000   -0.4708    0.0000    0.0000    0.7128
     9 O1     *pz       -0.0018   -0.0033   -0.0784    0.0624   -0.0000    0.0000   -0.2536   -0.0000    0.0000    0.3545
    10 O1     *d2-      -0.0000    0.0000    0.0001    0.0001    0.0000   -0.0000   -0.0002    0.0000    0.0000    0.0022
    11 O1     *d1-       0.0000   -0.0000    0.0000    0.0000   -0.0022    0.0281   -0.0000    0.0047   -0.0005    0.0000
    12 O1     *d0        0.0013    0.0011    0.0079    0.0077    0.0000    0.0000   -0.0348   -0.0000    0.0000   -0.0008
    13 O1     *d1+      -0.0000    0.0000   -0.0000   -0.0000    0.0229    0.0027    0.0000    0.0004    0.0057   -0.0000
    14 O1     *d2+       0.0001   -0.0001   -0.0004   -0.0008   -0.0000   -0.0000    0.0009   -0.0000   -0.0000   -0.0115
    15 O2     1s         0.7067    0.7099    0.1745    0.1879    0.0000    0.0000   -0.0348    0.0000    0.0000   -0.1243
    16 O2     2s        -0.0097   -0.0021    0.4049    0.4237    0.0000    0.0000   -0.0885    0.0000    0.0000   -0.3396
    17 O2     *s         0.0265    0.0212    0.3053    0.4209    0.0000   -0.0000    0.1502    0.0000    0.0000   -0.3907
    18 O2     2px       -0.0000    0.0000   -0.0000   -0.0000    0.4299    0.0398    0.0000    0.0476    0.4852    0.0000
    19 O2     *px       -0.0000    0.0000   -0.0000   -0.0000    0.2963    0.0293    0.0000    0.0427    0.4668   -0.0000
    20 O2     2py        0.0000   -0.0000    0.0000    0.0000   -0.0411    0.4167   -0.0000    0.4980   -0.0464   -0.0000
    21 O2     *py        0.0000   -0.0000    0.0000    0.0000   -0.0283    0.3070    0.0000    0.4471   -0.0446    0.0000
    22 O2     2pz        0.0062    0.0042    0.0499    0.1312   -0.0000   -0.0000    0.4708   -0.0000    0.0000    0.7128
    23 O2     *pz       -0.0018    0.0033    0.0784    0.0624    0.0000   -0.0000    0.2536   -0.0000    0.0000    0.3545
    24 O2     *d2-       0.0000    0.0000    0.0001   -0.0001    0.0000   -0.0000   -0.0002   -0.0000   -0.0000   -0.0022
    25 O2     *d1-       0.0000    0.0000   -0.0000    0.0000    0.0022   -0.0281   -0.0000    0.0047   -0.0005   -0.0000
    26 O2     *d0       -0.0013    0.0011    0.0079   -0.0077    0.0000    0.0000   -0.0348   -0.0000   -0.0000    0.0008
    27 O2     *d1+      -0.0000   -0.0000    0.0000   -0.0000   -0.0229   -0.0027   -0.0000    0.0004    0.0057   -0.0000
    28 O2     *d2+      -0.0001   -0.0001   -0.0004    0.0008   -0.0000   -0.0000    0.0009   -0.0000    0.0000    0.0115
--

      Von Neumann Entropy (Root  1) =  0.64231


      Mulliken population analysis for root number:  1
      -----------------------------------------------


++    Molecular charges:
      ------------------

      Mulliken charges per centre and basis function type
      ---------------------------------------------------

                O1      O2    
      1s       1.9916  1.9916
      2s       1.0620  1.0620
      2px      1.1706  1.1706
      2pz      0.7636  0.7636
      2py      0.8587  0.8587
      *s       0.8408  0.8408
      *px      0.8173  0.8173
      *pz      0.3288  0.3288
      *py      0.6379  0.6379
      *d2+     0.0000  0.0000
      *d1+     0.0069  0.0069
      *d0      0.0141  0.0141
      *d1-     0.0076  0.0076
      *d2-     0.0000  0.0000
      Total    8.5000  8.5000

      N-E     -0.5000 -0.5000

      Total electronic charge=   17.000000

      Total            charge=   -1.000000
--



      Expectation values of various properties for root number:  1
      -----------------------------------------------------------


++    Molecular properties:
      ---------------------

      Charge (e):
                      =   -1.0000
      Dipole Moment (Debye):
      Origin of the operator (Ang)=    0.0000    0.0000    0.0000
                   X=  1.4449E-09               Y= -1.0022E-10               Z= -2.2468E-10           Total=  1.4657E-09
      Center of Charge (Ang)
                     X=   -0.00000000               Y=    0.00000000               Z=    0.00000000
      Quadrupole Moment (Debye*Ang):
      Origin of the operator (Ang)=    0.0000    0.0000    0.0000
                  XX= -1.2206E+01              XY=  9.5829E-02              XZ=  2.9062E-10              YY= -1.1212E+01
                  YZ= -3.3911E-10              ZZ= -1.4702E+01
      In traceless form (Debye*Ang)
                  XX=  7.5109E-01              XY=  1.4374E-01              XZ=  4.3593E-10              YY=  2.2416E+00
                  YZ= -5.0867E-10              ZZ= -2.9927E+00
--


      Mulliken spin population analysis for root number:  1
      ---------------------------------------------------


++    Molecular charges:
      ------------------

      Mulliken spin population per centre and basis function type
      ---------------------------------------------------

                O1      O2    
      1s      -0.0000 -0.0000
      2s       0.0060  0.0060
      2px      0.0029  0.0029
      2pz     -0.0051 -0.0051
      2py      0.3138  0.3138
      *s       0.0041  0.0041
      *px      0.0016  0.0016
      *pz     -0.0044 -0.0044
      *py      0.1803  0.1803
      *d2+     0.0000  0.0000
      *d1+     0.0000  0.0000
      *d0      0.0000  0.0000
      *d1-     0.0006  0.0006
      *d2-     0.0000  0.0000
      Total    0.5000  0.5000

      Total electronic spin=    1.000000
--



  Input file to MOLDEN was generated!


  Input file to MOLDEN was generated!

      Average orbitals are written to the RASORB file
      Natural orbitals for root   1 are written to the RASORB.1 file
      Spin density orbitals for root   1 are written to the SPDORB.1 file

Note: The following floating-point exceptions are signalling: IEEE_INVALID_FLAG IEEE_DIVIDE_BY_ZERO IEEE_UNDERFLOW_FLAG IEEE_DENORMAL
--- Stop Module:  rasscf at Thu Aug  6 17:58:50 2026 /rc=0 ---
*** files:   o2_anion_svp.RasOrb o2_anion_svp.RasOrb o2_anion_svp.SpdOrb o2_anion_svp.rasscf.h5 o2_anion_svp.rasscf.molden o2_anion_svp.rasscf.molden xmldump
    saved to directory /home/adrian/projects/eRoutes/molecules/_B3PW91/Benchmark/CASSCF/O2

*** Making symbolic link for INPORB -> /tmp/mol_an_228359/o2_anion_svp.RasOrb
*** 
--- Start Module: caspt2 at Thu Aug  6 17:58:50 2026 

()()()()()()()()()()()()()()()()()()()()()()()()()()()()()()()()()()()()()()()()()()()()()()()()()()

                                              &CASPT2

                       only a single process is used, running in SERIAL mode
                       available to each process: 4.0 GB of memory, 1 thread?
                                            pid: 228468
()()()()()()()()()()()()()()()()()()()()()()()()()()()()()()()()()()()()()()()()()()()()()()()()()()


++    Wave function specifications:
      -----------------------------

      Number of closed shell electrons           0
      Number of electrons in active shells      13
      Max number of holes in RAS1 space          0
      Max number of electrons in RAS3 space      0
      Number of inactive orbitals                0
      Number of active orbitals                  8
      Number of secondary orbitals              18
      Spin quantum number                      0.5
      State symmetry                             1
      Number of CSFs                           168
      Number of root(s) available                1
      Root passed to geometry opt.               1
      A file JOBMIX will be created
      This is a CASSCF or RASSCF reference function
--

++    Orbital specifications:
      -----------------------

      Symmetry species                           1
                                                 a
      Frozen orbitals                            2
      Inactive orbitals                          0
      Active orbitals                            8
      Secondary orbitals                        18
      Deleted orbitals                           0
      Number of basis functions                 28
--

++    CASPT2 specifications:
      ----------------------

      Type of calculation                        MS-CASPT2
      Fock operator                              state-specific
      IPEA shift                                 0.25
      Real shift                                 0.00
      Imaginary shift                            0.10
      The input orbitals will be transformed to quasi-canonical
--

--------------------------------------------------------------------------------
 Estimated memory requirements:
  POLY3 :                   270398
  RHS:                      401112
  SIGMA :                   286864
  PRPCTL:                        0
 Available workspace:    404994748

++ CASPT2 computation for group   1

********************************************************************************
 Multi-State initialization phase begins for group   1
--------------------------------------------------------------------------------
********************************************************************************
 Compute H0 matrices for state    1
--------------------------------------------------------------------------------
--------------------------------------------------------------------------------
 H0 matrices have been computed.

********************************************************************************
  CASPT2 EQUATION SOLUTION
--------------------------------------------------------------------------------

  Total nr of CASPT2 parameters:
   Before reduction:       19656
   After  reduction:       19422

 The contributions to the second order correlation energy in atomic units.
-----------------------------------------------------------------------------------------------------------------------------
  IT.      VJTU        VJTI        ATVX        AIVX        VJAI        BVAT        BJAT        BJAI        TOTAL       RNORM  
-----------------------------------------------------------------------------------------------------------------------------
   1     0.000000    0.000000   -0.087899    0.000000    0.000000   -0.205767    0.000000    0.000000   -0.293666    0.004197
   2     0.000000    0.000000   -0.088304    0.000000    0.000000   -0.205875    0.000000    0.000000   -0.294180    0.000215
   3     0.000000    0.000000   -0.088310    0.000000    0.000000   -0.205876    0.000000    0.000000   -0.294187    0.000023
   4     0.000000    0.000000   -0.088309    0.000000    0.000000   -0.205876    0.000000    0.000000   -0.294185    0.000002
-----------------------------------------------------------------------------------------------------------------------------

  FINAL CASPT2 RESULT:

      Reference energy:        -149.4802459543
      E2 (Non-variational):      -0.2941854281
      Shift correction:          -0.0001904364
      E2 (Variational):          -0.2943758645
      Total energy:            -149.7746218187
      Residual norm:              0.0000001929
      Reference weight:           0.93452

      Contributions to the CASPT2 correlation energy
      Active & Virtual Only:         -0.2941854281
      One Inactive Excited:           0.0000000000
      Two Inactive Excited:           0.0000000000


++ Denominators, etc.
--------------------------------------------------------------------------------------------------------------
 Report on small energy denominators, large coefficients, and large energy contributions.
CASE  SYMM ACTIVE-MIX  NON-ACTIVE INDICES          DENOMINATOR     RHS VALUE       COEFFICIENT     CONTRIBUTION
ATVX     1  Mu1.0034  Se1.012                       2.52739229      0.07818550     -0.03057343     -0.00239040
ATVX     1  Mu1.0086  Se1.012                       3.37627189      0.11717589     -0.03375820     -0.00395565
ATVX     1  Mu1.0010  Se1.013                       2.01957341      0.08142995     -0.03959337     -0.00322409
ATVX     1  Mu1.0048  Se1.013                       2.86736853     -0.11869809      0.03953299     -0.00469249
ATVX     1  Mu1.0008  Se1.014                       1.88885945      0.10642243     -0.05531723     -0.00588699
ATVX     1  Mu1.0020  Se1.016                       2.41753134     -0.06277117      0.02550285     -0.00160084
ATVX     1  Mu1.0065  Se1.016                       3.26533607     -0.09855621      0.02875113     -0.00283360
BVATP    1  Mu1.0002  Se1.013 Se1.013               3.04340141     -0.08243192      0.02705624     -0.00223030
BVATP    1  Mu1.0008  Se1.016 Se1.013               3.44041569      0.15635275     -0.04540792     -0.00709965
BVATP    1  Mu1.0002  Se1.016 Se1.016               3.22746633     -0.09006491      0.02787967     -0.00251098
BVATP    1  Mu1.0003  Se1.017 Se1.014               3.28853822      0.10950638     -0.03222351     -0.00352868
BVATM    1  Mu1.0009  Se1.014 Se1.013               3.59008452     -0.09740044      0.02711757     -0.00264126
BVATM    1  Mu1.0005  Se1.016 Se1.014               3.37697102      0.10106866     -0.02991326     -0.00302329
BVATM    1  Mu1.0006  Se1.016 Se1.015               3.42840662     -0.09014656      0.02628595     -0.00236959
--

   (Skipping property calculation,
    use PROP keyword to activate)
--


  Total CASPT2 energies:
::    CASPT2 Root  1     Total energy:   -149.77462182


++ Multi-State CASPT2 section:
********************************************************************************
  MULTI-STATE CASPT2 SECTION
--------------------------------------------------------------------------------

  Output diagonal energies have been shifted. Add   -149.00000000000000     

  Effective Hamiltonian matrix (Symmetric):

                1
   1        -0.77462182

       Total MS-CASPT2 energies:
::    MS-CASPT2 Root  1     Total energy:   -149.77462182

       Eigenvectors:
            1.00000000

--

  THE ORIGINAL CI ARRAYS ARE NOW MIXED AS LINEAR
  COMBINATIONS, GIVEN BY THE EIGENVECTORS.
  A NEW JOBIPH FILE NAMED 'JOBMIX' IS PREPARED.
********************************************************************************

++ Mixed CI coefficients:
  The CI coefficients for the MIXED state nr.   1
--------------------------------------------------------------------------------
 CI COEFFICIENTS LARGER THAN  0.50D-01
  Occupation of active orbitals, and spin coupling
  of open shells. (u,d: Spin up or down).
  SGUGA info is (Midvert:IsyUp:UpperWalk/LowerWalk)
        Conf  SGUGA info        Occupation    Coefficient         Weight
           2  ( 1:1:   2/   1)   22222u20        0.985946       0.972089
          20  ( 1:1:  20/   1)   22220u22        0.087168       0.007598
          24  ( 2:1:   4/   1)   222ud22u        0.082255       0.006766
          27  ( 2:1:   7/   1)   222uu22d        0.104830       0.010989

--

--- Stop Module:  caspt2 at Thu Aug  6 17:58:52 2026 /rc=0 ---
*** files:   xmldump
    saved to directory /home/adrian/projects/eRoutes/molecules/_B3PW91/Benchmark/CASSCF/O2

    Timing: Wall=6 User=2.62 System=2.83 
--- Stop Module:  auto at Thu Aug  6 17:58:52 2026 /rc=0 ---
--- Module auto spent 6 seconds 
